// Jest Snapshot v1, https://goo.gl/fbAQLP

exports[`Header component should render correctly 1`] = `
<header
  className="Header"
  role="banner"
>
  <Logotype />
</header>
`;
