// Jest Snapshot v1, https://goo.gl/fbAQLP

exports[`NotFound component should render correctly 1`] = `
<main
  className="Main"
>
  <SideEffect(DocumentMeta)
    meta={
      Object {
        "name": Object {
          "robots": "noindex",
        },
      }
    }
    title="Page not found | Scott Boyle | Portfolio"
  />
  <section>
    <h2>
      404 
      <small>
        Page not found
      </small>
    </h2>
    <p>
      The requested URL was not found on this server.
    </p>
  </section>
</main>
`;
